[www.facebook.com/index.html]
[backblue.gif]
[fade.gif]
[index.html]
[www.facebook.com/data/manifest/index.html]
[static.xx.fbcdn.net/rsrc.php/v3/y7/l/0,cross/D6HoGOr-p-Z1f8e.css]
[www.facebook.com/index4964.html]
[static.xx.fbcdn.net/rsrc.php/v3/yc/l/0,cross/G-KYbNVDsxa1f8e.css]
[static.xx.fbcdn.net/rsrc.php/v3/ys/l/0,cross/5DrQKf4YWX_1f8e.css]
[static.xx.fbcdn.net/rsrc.php/v3/y8/l/0,cross/LEjEX-rDZWf1f8e.css]
[static.xx.fbcdn.net/rsrc.php/v3/ya/l/0,cross/p2lS8DJwA6B1f8e.css]
[static.xx.fbcdn.net/rsrc.php/v3/ys/r/GOI5nwDJ2Jz1f8e.js]
[www.facebook.com/help/568137493302217.html]
[www.facebook.com/pages/create/indexf949.html]
[www.facebook.com/reg/index.html]
[www.facebook.com/login/index.html]
[www.facebook.com/lite/index.html]
[www.facebook.com/help/637205020878504.html]
[www.facebook.com/places/index.html]
[www.facebook.com/games/index.html]
[www.facebook.com/watch/index.html]
[www.facebook.com/login6d9d.html]
[www.facebook.com/allactivity99e1]
[www.facebook.com/local/lists/245019872666104/index.html]
[www.facebook.com/biz/directory/index.html]
[www.facebook.com/groups/explore/index.html]
[www.facebook.com/fundraisers/index.html]
[www.facebook.com/pages/create/index30bf.html]
[www.facebook.com/votinginformationcenter/indexb3e6.html]
[connect.facebook.net/security/hsts-pixel.gif]
[www.facebook.com/policies/cookies/index.html]
[www.facebook.com/policies_center/index.html]
[www.facebook.com/ta1RJk]
[www.facebook.com/help/index30c2.html]
[www.facebook.com/u_0_4_+.html]
[static.xx.fbcdn.net/rsrc.php/v3/yr/r/hzn7ysY5C5b1f8e.js]
[www.facebook.com/privacy/policy/index6f75.html]
[static.xx.fbcdn.net/rsrc.php/v3/yV/r/8Vx6kcrTFl41f8e.js]
[static.xx.fbcdn.net/rsrc.php/v3/yn/r/BtFkOuyDBR-1f8e.js]
[static.xx.fbcdn.net/rsrc.php/v3ij9m4/yX/l/en_GB/47RZ9WNwoU11f8e.js]
[static.xx.fbcdn.net/rsrc.php/v3/yL/r/DJIek1tT3RT1f8e.js]
[static.xx.fbcdn.net/rsrc.php/v3/yG/r/lu-TOpSu7h01f8e.js]
[www.facebook.com/index.html]
[static.xx.fbcdn.net/rsrc.php/v3/y0/r/Dvdf0WLRkdc1f8e.js]
[www.facebook.com/index4964.html]
[static.xx.fbcdn.net/rsrc.php/v3/yB/r/TwAHgQi2ZPB.png]
[static.xx.fbcdn.net/rsrc.php/v3/yP/r/Yrq8Y9PlN02.png]
[static.xx.fbcdn.net/rsrc.php/v3/yU/r/O7nelmd9XSI.png]
[static.xx.fbcdn.net/rsrc.php/v3/yu/r/PmjSkvyqVM-.png]
[static.xx.fbcdn.net/rsrc.php/v3/yg/r/6oZO5zjhedE.png]
[static.xx.fbcdn.net/rsrc.php/v3/y7/l/0,cross/D6HoGOr-p-Z1f8e.css]
[static.xx.fbcdn.net/rsrc.php/v3/yL/r/unHwF9CkMyM.png]
[static.xx.fbcdn.net/rsrc.php/v3/yH/r/xgVgalBG80z.png]
[static.xx.fbcdn.net/rsrc.php/v3/yc/l/0,cross/G-KYbNVDsxa1f8e.css]
[static.xx.fbcdn.net/rsrc.php/v3/yd/r/wZ1RDCIZzlz.png]
[static.xx.fbcdn.net/rsrc.php/v3/yZ/r/je5FEJkU1_K.png]
[static.xx.fbcdn.net/rsrc.php/v3/yk/r/swFqSxKYa5M.png]
[static.xx.fbcdn.net/rsrc.php/v3/ys/l/0,cross/5DrQKf4YWX_1f8e.css]
[static.xx.fbcdn.net/rsrc.php/v3/y8/l/0,cross/LEjEX-rDZWf1f8e.css]
[static.xx.fbcdn.net/rsrc.php/v3/ya/l/0,cross/p2lS8DJwA6B1f8e.css]
[www.facebook.com/^([^_/indexd41d.html]
[www.facebook.com/chrome-extension_/index.html]
[www.facebook.com/GET.25.delayed]
[www.facebook.com/intern/rsrc.php]
[www.facebook.com/intern/rsrc-translations.php]
[www.facebook.com/rsrc.php]
[www.facebook.com/rsrc-translations.php]
[static.xx.fbcdn.net/rsrc.php/v3/ys/r/GOI5nwDJ2Jz1f8e.js]
[www.facebook.com/recover/initiate/index43b9.html]
[www.facebook.com/osd.xml]
[www.facebook.com/login/identify/index09c1.html]
[www.facebook.com/pages/create/indexf949.html]
[www.facebook.com/r.html]
[static.xx.fbcdn.net/rsrc.php/v3/yT/l/0,cross/IuMo1d07b6K1f8e.css]
[static.xx.fbcdn.net/rsrc.php/v3/yl/l/0,cross/IQzIwkY1kCc1f8e.css]
[static.xx.fbcdn.net/rsrc.php/v3/yo/l/0,cross/f_23yNbZVa01f8e.css]
[static.xx.fbcdn.net/rsrc.php/v3/yK/l/0,cross/kkpRYLuGyII1f8e.css]
[static.xx.fbcdn.net/rsrc.php/v3/yL/l/0,cross/lIzLCRwr_LB1f8e.css]
[static.xx.fbcdn.net/rsrc.php/v3/yE/l/0,cross/oslvhydt1Yy1f8e.css]
[static.xx.fbcdn.net/rsrc.php/v3/y7/l/0,cross/mdcOXVKMpZE1f8e.css]
[www.facebook.com/reg/help/637205020878504]
[www.facebook.com/legal/terms/update.html]
[static.xx.fbcdn.net/rsrc.php/v3/yb/r/GsNJNwuI-UM.gif]
[www.facebook.com/login/index0ad7.html]
[www.facebook.com/reg/u_0_h_v]
[www.facebook.com/reg/ta1RJk]
[www.facebook.com/reg/index.html]
[static.xx.fbcdn.net/rsrc.php/v3/yg/l/0,cross/Spa123yy-F21f8e.css]
[www.facebook.com/privacy/policy/index2fb6.html]
[www.facebook.com/login/web/index.html]
[www.facebook.com/r6670.html]
[www.facebook.com/login/help/637205020878504]
[www.facebook.com/login/ta1RJk]
[www.facebook.com/login/index.html]
[static.xx.fbcdn.net/rsrc.php/v3/yg/l/0,cross/Wr26M3Z0DGx1f8e.css]
[scontent-ccu1-1.xx.fbcdn.net/v/t39.2365-6/11891345_543283905820402_1726537124_n1d4a.jpg]
[scontent-ccu1-1.xx.fbcdn.net/v/t39.2365-6/11057043_645942585536385_1622935532_n5aef.png]
[static.xx.fbcdn.net/rsrc.php/v3/yj/r/XU9as9kkTPK.png]
[scontent-ccu1-1.xx.fbcdn.net/v/t39.2365-6/11057091_834316709957146_226716834_n72b5.png]
[www.facebook.com/lite/help/637205020878504]
[www.facebook.com/lite/ta1RJk]
[www.facebook.com/lite/index.html]
[static.xx.fbcdn.net/rsrc.php/v3/yy/l/0,cross/80CphXTH9VOXNRtGcNbm6t1f8e.css]
[static.xx.fbcdn.net/rsrc.php/v3/yu/r/kK85HTJSvnv1f8e.js]
[static.xx.fbcdn.net/rsrc.php/v3iLi34/yv/l/en_GB/sIdM7N72J4P1f8e.js]
[static.xx.fbcdn.net/rsrc.php/v3i-ty4/y8/l/en_GB/rveNtvzbRlK1f8e.js]
[static.xx.fbcdn.net/rsrc.php/v3iyx64/yA/l/en_GB/bJI5hMnpRo_CwMS6GRocxr_WUTGZZAy8-v2SVk372SQdENZpdW0JbdZ-A9__BdJwnlyZ5uXY1F4A2zkEgJlCQy3AOFK4o5886e8mTjCKYWb0HFLeD1yGR54aN9dlqr_aOzUAaW8OFETbWx]
[static.xx.fbcdn.net/rsrc.php/v3/yu/r/xwQqZLClmVZ1f8e.js]
[static.xx.fbcdn.net/rsrc.php/v3iHwg4/yu/l/en_GB/_VpbgXKxVfi1f8e.js]
[static.xx.fbcdn.net/rsrc.php/v3iO5K4/y7/l/en_GB/atU0d6VMk3C1f8e.js]
[static.xx.fbcdn.net/rsrc.php/v3iFd24/y3/l/en_GB/4DKKFph3_go1f8e.js]
[static.xx.fbcdn.net/rsrc.php/v3i0Wo4/y8/l/en_GB/DcngiWsmxwk1f8e.js]
[www.facebook.com/watch/theaustralian.com.html]
[static.xx.fbcdn.net/rsrc.php/v3iPKp4/yn/l/en_GB/xa9tAZBz-CR1f8e.js]
[static.xx.fbcdn.net/rsrc.php/v3iBMg4/ya/l/en_GB/ezwjXnxBak71f8e.js]
[www.facebook.com/watch/index.html]
[static.xx.fbcdn.net/rsrc.php/v3iAIg4/yK/l/en_GB/hsjw6b6YBRIDFLGAMqL7W9V7PH3yJnk71nyeGHBq5q3Ux31pHmoIfkiqv7nGgyuXwxay-1EFuME6ZsxUhaipgkmQuXjfISP0OJwdq5RzDwvQZHXTD0CxHMl7mV3h0jCjZRI46dJrxo3ijf]
[static.xx.fbcdn.net/rsrc.php/v3idBq4/ys/l/en_GB/yZ5uXY1F4A21f8e.js]
[static.xx.fbcdn.net/rsrc.php/v3ifVm4/ya/l/en_GB/bJI5hMnpRo_CwMS6GRocxrkfQQzyxbDpw_VpbgXKxVfiv2SVk372SQdENZpdW0JbdZ4DKKFph3_go9QT6IymgrjkV7PH3yJnk71HTetGPvBrvzVgVQtmqUUj5DcngiWsmxwkpXI2P0LUho]
[static.xx.fbcdn.net/rsrc.php/v3iZHh4/yd/l/en_GB/tJ21oxKCTxy1f8e.js]
[www.facebook.com/watch/news.com.au/index.html]
[www.facebook.com/places/theaustralian.com.5d.delayed]
[www.facebook.com/places/news.com.au]
[www.facebook.com/places/kollosche.com.au]
[www.facebook.com/places/awstrack.me]
[www.facebook.com/places/index.html]
[static.xx.fbcdn.net/rsrc.php/v3/yo/l/0,cross/_Bs5W282Jud1f8e.css]
[static.xx.fbcdn.net/rsrc.php/v3/yW/l/0,cross/EcNAT6urSZV1f8e.css]
[static.xx.fbcdn.net/rsrc.php/v3/yf/l/0,cross/iD2eBkSTv5E1f8e.css]
[static.xx.fbcdn.net/rsrc.php/v3/yI/l/0,cross/S5SC31pHJ7z1f8e.css]
[static.xx.fbcdn.net/rsrc.php/v3/yw/l/0,cross/2Xaz5udavl01f8e.css]
[static.xx.fbcdn.net/rsrc.php/v3/yg/l/0,cross/hIOXhE0g8Kd1f8e.css]
[static.xx.fbcdn.net/rsrc.php/v3/yF/l/0,cross/5cT2UuDwjTV1f8e.css]
[static.xx.fbcdn.net/rsrc.php/v3/yS/l/0,cross/AWTK92zneul1f8e.css]
[www.facebook.com/login/identify/index6160.html]
[www.facebook.com/r6750.html]
[www.facebook.com/games/help/637205020878504.html]
[www.facebook.com/help/index01dc.html]
[www.facebook.com/games/theaustralian.com.html]
[www.facebook.com/games/news.com.html]
[www.facebook.com/games/kollosche.com.html]
[www.facebook.com/games/awstrack.html]
[www.facebook.com/games/index.html]
[www.facebook.com/marketplace/index.html]
[www.facebook.com/local/lists/245019872666104/index.html]
[www.facebook.com/games/ta1RJk.html]
[static.xx.fbcdn.net/rsrc.php/v3/yL/l/0,cross/Xd9RspFykAn1f8e.css]
[www.facebook.com/login/index4b58.html]
[static.xx.fbcdn.net/rsrc.php/v3/yK/l/0,cross/WTn1rcBjQU11f8e.css]
[static.xx.fbcdn.net/rsrc.php/v3/yZ/l/0,cross/aOikaU2AaxC1f8e.css]
[static.xx.fbcdn.net/rsrc.php/v3/y8/l/0,cross/XGgr0VMXG_x1f8e.css]
[static.xx.fbcdn.net/rsrc.php/v3/yy/l/0,cross/2prrQJZyen41f8e.css]
[static.xx.fbcdn.net/rsrc.php/v3/yC/l/0,cross/QBJvKyN68MP1f8e.css]
[static.xx.fbcdn.net/rsrc.php/v3/ye/l/0,cross/xPAK3Takc0x1f8e.css]
[scontent-ccu1-1.xx.fbcdn.net/v/t39.30808-6/266904104_10221478136687725_6343813656706741038_n37d1.png]
[www.facebook.com/fundraisers/explore/index.html]
[www.facebook.com/login/index9efc.html]
[www.facebook.com/fundraisers/about/index.html]
[scontent-ccu1-1.xx.fbcdn.net/v/t39.30808-1/279335574_354772136693131_735993249238565641_ndcf0.jpg]
[www.facebook.com/fundraisers/explore/arts-and-culture/index4cfa.html]
[www.facebook.com/fundraisers/explore/animals/index4cfa.html]
[www.facebook.com/fundraisers/explore/business/index4cfa.html]
[www.facebook.com/fundraisers/explore/community-and-social-action/index4cfa.html]
[www.facebook.com/shannon.w.html]
[scontent-ccu1-1.xx.fbcdn.net/v/t39.30808-1/232412291_10159266317195853_828249580855211877_ne91b.png]
[www.facebook.com/fundraisers/explore/education/index4cfa.html]
[www.facebook.com/fundraisers/explore/crisis-relief/index4cfa.html]
[www.facebook.com/fundraisers/explore/environment/index4cfa.html]
[www.facebook.com/david.degroot.html]
[scontent-ccu1-1.xx.fbcdn.net/v/t39.30808-6/283737776_10160085480689726_8000315176474502419_nf3ee.jpg]
[www.facebook.com/fundraisers/explore/funeral-and-loss/index4cfa.html]
[www.facebook.com/fundraisers/explore/health-and-medical/index4cfa.html]
[www.facebook.com/fundraisers/explore/faith/index4cfa.html]
[www.facebook.com/fundraisers/explore/international/index4cfa.html]
[www.facebook.com/fundraisers/explore/personal-emergency/index4cfa.html]
[www.facebook.com/helena.s.scott.html]
[www.facebook.com/fundraisers/explore/sports/index4cfa.html]
[scontent-ccu1-1.xx.fbcdn.net/v/t39.30808-6/278874551_5618875918128167_5282346487458933615_n57b3.jpg]
[www.facebook.com/donate/508224077682879/index55c2.html]
[www.facebook.com/donate/244277014479138/index55c2.html]
[www.facebook.com/donate/1179673672591248/index55c2.html]
[www.facebook.com/susan.brown.html]
[www.facebook.com/LLSusa/index.html]
[www.facebook.com/fundraisers/explore/indexc3f0.html]
[www.facebook.com/donate/490956262804211/index55c2.html]
[www.facebook.com/donate/681097369771448/index55c2.html]
[www.facebook.com/donate/592610888952003/index55c2.html]
[scontent-ccu1-1.xx.fbcdn.net/v/t1.6435-1/106385107_10158708901034474_577997414907408310_n2bbc.png]
[www.facebook.com/login/indexf442.html]
[scontent-ccu1-1.xx.fbcdn.net/v/t39.30808-1/232412291_10159266317195853_828249580855211877_n7435.png]
[scontent-ccu1-1.xx.fbcdn.net/v/t39.30808-6/294827132_10223829949389302_5588082736612339559_n493e.png]
[www.facebook.com/login/indexfcfe.html]
[scontent-ccu1-1.xx.fbcdn.net/v/t39.30808-1/279454339_361186696050390_1274594117689967931_nb675.jpg]
[www.facebook.com/login/index6aed.html]
[scontent-ccu1-1.xx.fbcdn.net/v/t39.30808-6/273155921_10160009953284400_5585952096541999921_n914d.jpg]
[www.facebook.com/donate/269534480906420/index6cf7.html]
[www.facebook.com/donate/427577499301801/index6cf7.html]
[scontent-ccu1-1.xx.fbcdn.net/v/t39.30808-1/246726365_242260151268150_4989942181028085933_nc89f.png]
[www.facebook.com/login/index5d12.html]
[scontent-ccu1-1.xx.fbcdn.net/v/t39.30808-6/271190065_10226442860762450_5615142176778257094_nd227.jpg]
[www.facebook.com/donate/627081595207394/index6cf7.html]
[scontent-ccu1-1.xx.fbcdn.net/v/t39.30808-1/304888165_450474063793708_2908319897738117612_nc340.jpg]
[scontent-ccu1-1.xx.fbcdn.net/v/t39.30808-1/275782113_10158689658993123_6761582627960935068_nc935.jpg]
[scontent-ccu1-1.xx.fbcdn.net/v/t39.30808-6/278504397_10159673045825767_7285011567410336039_neee5.png]
[www.facebook.com/donate/1165802583983186/index6cf7.html]
[scontent-ccu1-1.xx.fbcdn.net/v/t39.30808-1/293266591_416255930540996_21873322841495059_ne6b9.jpg]
[www.facebook.com/login/index0bb9.html]
[scontent-ccu1-1.xx.fbcdn.net/v/t39.30808-6/296040683_5635545886465357_6746969845641601646_n9617.jpg]
[www.facebook.com/login/index04f0.html]
[scontent-ccu1-1.xx.fbcdn.net/v/t39.30808-1/294064629_163713576187781_401250189408642475_n2c17.jpg]
[www.facebook.com/donate/4964657006995511/index6cf7.html]
[www.facebook.com/login/index5dac.html]
[scontent-ccu1-1.xx.fbcdn.net/v/t39.30808-6/298527202_10224770942159615_8743375420219530761_n05ab.jpg]
[www.facebook.com/login/index9603.html]
[www.facebook.com/donate/1124740857729289/index6cf7.html]
[scontent-ccu1-1.xx.fbcdn.net/v/t39.30808-1/284134845_384889583678344_5355853108607255904_n8010.jpg]
[www.facebook.com/login/index04d9.html]
[scontent-ccu1-1.xx.fbcdn.net/v/t39.30808-6/271547064_10224716430752126_363789029694701262_n350f.png]
[scontent-ccu1-1.xx.fbcdn.net/v/t39.30808-1/297036940_422231986603941_6791788212519435656_n445f.jpg]
[www.facebook.com/donate/282282207429053/index6cf7.html]
[scontent-ccu1-1.xx.fbcdn.net/v/t39.30808-6/278832479_10227478875782096_3974391385552811108_n9dc5.jpg]
[www.facebook.com/donate/1252972058782510/index6cf7.html]
[scontent-ccu1-1.xx.fbcdn.net/v/t39.30808-6/272887438_10166338323885492_618874720528920984_n56e7.png]
[www.facebook.com/donate/1121488861958158/index6cf7.html]
[scontent-ccu1-1.xx.fbcdn.net/v/t39.30808-1/251883256_246951667473522_2909535905051504310_n89db.png]
[www.facebook.com/login/index0307.html]
[scontent-ccu1-1.xx.fbcdn.net/v/t39.30808-6/293591754_2186317401546079_2836232900049119891_nf808.jpg]
[scontent-ccu1-1.xx.fbcdn.net/v/t39.30808-6/289020140_10225434306777298_1621438315730967356_nc2ee.jpg]
[scontent-ccu1-1.xx.fbcdn.net/v/t39.30808-1/283032280_371517641669444_592955867784136065_n6368.png]
[www.facebook.com/login/index63d9.html]
[www.facebook.com/donate/771160307369565/index6cf7.html]
[scontent-ccu1-1.xx.fbcdn.net/v/t39.30808-6/271679961_1596784157357629_3011338618455442295_n9a87.jpg]
[scontent-ccu1-1.xx.fbcdn.net/v/t39.30808-1/279236403_365004082334583_7369138811358719832_n9e31.jpg]
[www.facebook.com/login/index4354.html]
[scontent-ccu1-1.xx.fbcdn.net/v/t39.30808-6/286259060_10161117661987323_2992312765976183429_nb715.jpg]
[scontent-ccu1-1.xx.fbcdn.net/v/t39.30808-6/295335544_10225955235321237_8754466438143520188_n4476.jpg]
[scontent-ccu1-1.xx.fbcdn.net/v/t39.30808-1/293442598_409674211198951_7970065654486120521_nd3d8.jpg]
[scontent-ccu1-1.xx.fbcdn.net/v/t39.30808-6/273276143_4843972022386146_5076324174536760908_nf440.jpg]
[www.facebook.com/donate/2143456062460282/index6cf7.html]
[www.facebook.com/login/index3105.html]
[www.facebook.com/login/index218c.html]
[www.facebook.com/donate/527204092367317/index6cf7.html]
[www.facebook.com/donate/1087784705125745/index6cf7.html]
[www.facebook.com/help/837523116348786.html]
[www.facebook.com/login/indexc269.html]
[www.facebook.com/help/1251484118194936.html]
[www.facebook.com/donate/833566290584883/index6cf7.html]
[www.facebook.com/login/index2afb.html]
[www.facebook.com/donate/371934508418248/index6cf7.html]
[www.facebook.com/login/index1d11.html]
[www.facebook.com/help/1127216777360764.html]
[www.facebook.com/donate/734110981073748/index6cf7.html]
[www.facebook.com/login/index5212.html]
[www.facebook.com/help/1872359709660621.html]
[www.facebook.com/donate/326432966036002/index6cf7.html]
[www.facebook.com/help/1348270451957092.html]
[www.facebook.com/donate/326804989641077/index6cf7.html]
[www.facebook.com/login/index8126.html]
[www.facebook.com/login/indexb2ce.html]
[www.facebook.com/help/188996231291583.html]
[www.facebook.com/donate/471364037660399/index6cf7.html]
[www.facebook.com/login/index5282.html]
[www.facebook.com/help/901370616673951.html]
[www.facebook.com/donate/684132305923911/index6cf7.html]
[www.facebook.com/help/1409509059114623.html]
[www.facebook.com/fundraisers/u_0_1h_4]
[www.facebook.com/help/2265228917040271/index.html]
[www.facebook.com/fundraisers/ta1RJk]
[www.facebook.com/fundraisers/index.html]
[static.xx.fbcdn.net/rsrc.php/v3/yS/l/0,cross/yEmSJDGZjo51f8e.css]
[scontent-ccu1-1.xx.fbcdn.net/v/t1.30497-1/83245568_1845797888897938_3274147281632231424_neb7e.png]
[scontent-ccu1-1.xx.fbcdn.net/v/t1.30497-1/83245568_1845797888897938_3274147281632231424_n3721.png]
[scontent-ccu1-1.xx.fbcdn.net/v/t34.18173-12/38977614_513512035870883_69201301_nbadd.jpg]
[scontent-ccu1-1.xx.fbcdn.net/v/t1.30497-1/84687230_2222103328096112_4091110349787365376_n3c90.png]
[www.facebook.com/biz/directory/help/637205020878504.html]
[www.facebook.com/biz/directory/index.html]
[www.facebook.com/biz/directory/ta1RJk.html]
[static.xx.fbcdn.net/rsrc.php/v3ipp84/yT/l/en_GB/8We9N010o9c1f8e.js]
[www.facebook.com/votinginformationcenter.html]
[www.facebook.com/votinginformationcenter/theaustralian.com.html]
[www.facebook.com/votinginformationcenter/news.com.html]
[www.facebook.com/votinginformationcenter/kollosche.com.html]
[www.facebook.com/votinginformationcenter/QB4iQA.html]
[static.xx.fbcdn.net/rsrc.php/v3/yW/r/ls-tsC_Kngq.png]
[www.facebook.com/votinginformationcenter/awstrack.html]
[static.xx.fbcdn.net/rsrc.php/v3/yk/r/bcL9mHnOOuA.png]
[static.xx.fbcdn.net/rsrc.php/v3/yr/r/QkKlU-hDe7J.png]
[static.xx.fbcdn.net/rsrc.php/v3/y7/r/pMezL4T9Jk7.png]
[www.facebook.com/images/assets_DO_NOT_HARDCODE/t70352310_facts_about_voting_illustration_brief/State-List-Android_light-4x.png]
[www.facebook.com/images/assets_DO_NOT_HARDCODE/voter_information_center/Register-List-Android_light-4x.png]
[www.facebook.com/images/assets_DO_NOT_HARDCODE/voter_information_center/VoteByMail-List-Android_light-4x.png]
[www.facebook.com/votinginformationcenter/'https_/static.xx.fbcdn.net/rsrc.php/v3/y7/r/pMezL4T9Jk7.png']
[www.facebook.com/votinginformationcenter/indexb3e6.html]
[www.facebook.com/help/299618223782909.html]
[static.xx.fbcdn.net/rsrc.php/v3iGhA4/yW/l/en_GB/-A9__BdJwnl1f8e.js]
[static.xx.fbcdn.net/rsrc.php/v3ieNH4/yH/l/en_GB/zpf9LOBhfHtaR2AMVKAR-D1f8e.js]
[static.xx.fbcdn.net/rsrc.php/v3iQuY4/yP/l/en_GB/_WUTGZZAy8-1f8e.js]
[www.facebook.com/groups/explore/theaustralian.com.au]
[www.facebook.com/groups/explore/news.com.au]
[www.facebook.com/groups/explore/kollosche.com.cd.delayed]
[www.facebook.com/groups/explore/awstrack.me]
[static.xx.fbcdn.net/rsrc.php/v3/yj/r/ftaZmsoGA0_.png]
[www.facebook.com/groups/explore/'https_/static.xx.fbcdn.net/rsrc.php/v3/yj/r/ftaZmsoGA0_.png']
[www.facebook.com/groups/explore/'https_/static.xx.fbcdn.net/rsrc.php/v3/y7/r/pMezL4T9Jk7.png']
[static.xx.fbcdn.net/rsrc.php/v3/yj/r/NpvX2szqSfK.png]
[static.xx.fbcdn.net/rsrc.php/v3/yV/r/VAxDUrJehOR.png]
[static.xx.fbcdn.net/rsrc.php/v3/yI/r/JQd1dL9RbtW.png]
[static.xx.fbcdn.net/rsrc.php/v3/yX/r/5lg4Ue6a_ci.png]
[www.facebook.com/groups/explore/'https_/static.xx.fbcdn.net/rsrc.php/v3/yj/r/NpvX2szqSfK.png']
[www.facebook.com/groups/explore/'https_/static.xx.fbcdn.net/rsrc.php/v3/yV/r/VAxDUrJehOR.png']
[www.facebook.com/groups/explore/'https_/static.xx.fbcdn.net/rsrc.php/v3/yI/r/JQd1dL9RbtW.png']
[www.facebook.com/groups/explore/'https_/static.xx.fbcdn.net/rsrc.php/v3/yX/r/5lg4Ue6a_ci.png']
[www.facebook.com/groups/explore/index.html]
[www.facebook.com/careers/index30c2.html]
[static.xx.fbcdn.net/rsrc.php/v3/y0/l/0,cross/80CphXTH9VOlw7gtJyFYboEKLiQKF3ccKXNRtGcNbm6tH_d7kfLq6QqqqpLnXe531mCZD9QwQQ5Dnsi4TiuJlOh_1f8e.css]
[static.xx.fbcdn.net/rsrc.php/v3i6og4/yo/l/en_GB/rveNtvzbRlKwxDSr8aDClwI3OtDZunUULavYUin5rwNsbJI5hMnpRo_NgkFJRjh3UQw0EDPw7iWnuCwMS6GRocxr1f8e.js]
[static.xx.fbcdn.net/rsrc.php/v3iSfv4/yf/l/en_GB/-lrgQQ4dTAa1f8e.js]
[static.xx.fbcdn.net/rsrc.php/v3iNIG4/yh/l/en_GB/22itlKFftS6MzHLojx0HqauBKNrcWHQMrCE_xpLZuqps1f8e.js]
[static.xx.fbcdn.net/rsrc.php/v3/yu/r/NWUQJzT1XxQ1f8e.js]
[www.facebook.com/privacy/policy/theaustralian.com.e0.delayed]
[www.facebook.com/privacy/policy/news.com.au]
[www.facebook.com/privacy/policy/kollosche.com.e2.delayed]
[www.facebook.com/privacy/policy/awstrack.e3.delayed]
[www.facebook.com/privacy/policy/t8S1ew]
[www.facebook.com/privacy/policy/index6f75.html]
[static.xx.fbcdn.net/rsrc.php/v3/yk/l/0,cross/bwACUThe8Ci1f8e.css]
[static.xx.fbcdn.net/rsrc.php/v3/yr/l/0,cross/tkl_KIF-N9e1f8e.css]
[static.xx.fbcdn.net/rsrc.php/v3/yc/l/0,cross/6GfziNAm2LM1f8e.css]
[www.facebook.com/policy/cookies/printable.html]
[www.facebook.com/legal/terms.html]
[www.facebook.com/ads/settings.html]
[www.facebook.com/about/basics.html]
[www.facebook.com/help/1561485474074139.html]
[static.xx.fbcdn.net/rsrc.php/v3/yr/r/EIICbSmaa-c.png]
[www.facebook.com/help/769828729705201faf2.html]
[www.facebook.com/help/1561485474074139faf2.html]
[www.facebook.com/help/111814505650678faf2.html]
[www.facebook.com/policies/cookies.html]
[www.facebook.com/help/2230503797265156acb5.html]
[www.facebook.com/help/2207256696182627acb5.html]
[www.facebook.com/policies/cookies/help/637205020878504.html]
[www.facebook.com/policies/cookies/theaustralian.com.html]
[www.facebook.com/policies/cookies/news.com.html]
[www.facebook.com/policies/cookies/kollosche.com.html]
[www.facebook.com/policies/cookies/awstrack.html]
[www.facebook.com/policies/cookies/index.html]
[www.facebook.com/policies/cookies/ta1RJk.html]
[static.xx.fbcdn.net/rsrc.php/v3ioRi4/y3/l/en_GB/xwQqZLClmVZMzHLojx0HqapQytZpeU5g1-Cw1HTmzMjN1f8e.js]
[static.xx.fbcdn.net/rsrc.php/v3iTHM4/yg/l/en_GB/5xUGPYsf14X1f8e.js]
[www.facebook.com/help/theaustralian.com.au]
[www.facebook.com/help/news.com.100.delayed]
[www.facebook.com/help/kollosche.com.au]
[www.facebook.com/help/awstrack.me]
[static.xx.fbcdn.net/rsrc.php/v3il6m4/ye/l/en_US/_eu7R1bIlz33aAdG7kImehqi4WqKOxcAepXI2P0LUhoX2xdfJ7Uz2XrcAGDYMc1Ljw4A9OyTWROQFTOdt6J9CQ871f8e.js]
[static.xx.fbcdn.net/rsrc.php/v3/yk/r/Yvy0z5VZmOG1f8e.js]
[static.xx.fbcdn.net/rsrc.php/v3iloX4/y6/l/en_US/AwzBgwn50BI1f8e.js]
[static.xx.fbcdn.net/rsrc.php/v3/yY/r/K0sjjV3OJhj.png]
[static.xx.fbcdn.net/rsrc.php/v3/yU/r/xqPYlV_I3il.png]
[static.xx.fbcdn.net/rsrc.php/v3/ym/r/K4tsazF9L-M.png]
[static.xx.fbcdn.net/rsrc.php/v3/y-/r/pXLGQBBr9gl.png]
[static.xx.fbcdn.net/rsrc.php/v3/yY/r/3ke_pffTJmj.png]
[static.xx.fbcdn.net/rsrc.php/v3/yo/r/IhPBYXjvUHX.png]
[static.xx.fbcdn.net/rsrc.php/v3/yC/r/GTEfzovRI9H.png]
[static.xx.fbcdn.net/rsrc.php/v3iNU74/yE/l/en_GB/bJI5hMnpRo_CwMS6GRocxrv2SVk372SQdENZpdW0JbdZV7PH3yJnk71BZ6ajNHzEJDn2wXB-oJqfnLeD1yGR54aN9dlqr_aOzUAf7EAPGJ4G56NoUFNx--pG9FQXn0HumPPf.b61f8e.de]
[static.xx.fbcdn.net/rsrc.php/v3/yF/r/h9b1AHfIb8K.png]
[www.facebook.com/help/'https_/static.xx.fbcdn.net/rsrc.php/v3/yI/r/JQd1dL9RbtW.png']
[static.xx.fbcdn.net/rsrc.php/v3i54Z4/yU/l/en_GB/Zwab6uTJWZFDbRJeRg0e-jtJ21oxKCTxytYQBy0JdnkPxwQqZLClmVZRUHTGkUNFYCpQytZpeU5g11n79pjunYM1ay-1EFuME6Z8WRg24xpxyAcAGDYMc1LjwInMyO67tjapkddJDxAxw3]
[www.facebook.com/help/'https_/static.xx.fbcdn.net/rsrc.php/v3/y7/r/pMezL4T9Jk7.png']
[www.facebook.com/hubs/voting_information_center/404438690625064/index7061.html]
[www.facebook.com/hubs/voting_information_center/404438690625064/indexfa15.html]
[www.facebook.com/help/'https_/static.xx.fbcdn.net/rsrc.php/v3/yY/r/K0sjjV3OJhj.png']
[www.facebook.com/hubs/voting_information_center/404438690625064/index7ceb.html]
[www.facebook.com/login/device-based/regular/login/index4ed7.html]
[www.facebook.com/hubs/voting_information_center/404438690625064/index.html]
[www.facebook.com/help/'https_/static.xx.fbcdn.net/rsrc.php/v3/yU/r/xqPYlV_I3il.png']
[www.facebook.com/help/'https_/static.xx.fbcdn.net/rsrc.php/v3/ym/r/K4tsazF9L-M.png']
[static.xx.fbcdn.net/rsrc.php/v3ioAG4/y1/l/en_GB/AwzBgwn50BIbJI5hMnpRo_CwMS6GRocxr_VpbgXKxVfiv2SVk372SQdENZpdW0JbdZThWdD6fL2ngtAtjMyAylIF4c25qNPZE93x31pHmoIfkin2wXB-oJqfnOFK4o5886e8pm1Y7vE2xo]
[www.facebook.com/groups/explore/locations/106078429431815/index.html]
[www.facebook.com/groups/explore/locations/108424279189115/index.html]
[www.facebook.com/groups/explore/locations/110774245616525/index.html]
[www.facebook.com/help/'https_/static.xx.fbcdn.net/rsrc.php/v3/y-/r/pXLGQBBr9gl.png']
[www.facebook.com/help/'https_/static.xx.fbcdn.net/rsrc.php/v3/yY/r/3ke_pffTJmj.png']
[www.facebook.com/groups/explore/locations/112047398814697/index.html]
[www.facebook.com/groups/explore/locations/110585945628334/index.html]
[www.facebook.com/groups/explore/locations/106287062743373/index.html]
[www.facebook.com/help/'https_/static.xx.fbcdn.net/rsrc.php/v3/yo/r/IhPBYXjvUHX.png']
[www.facebook.com/groups/explore/locations/108081209214649/index.html]
[www.facebook.com/help/instagram/2885653514995517fa0b]
[www.facebook.com/groups/explore/locations/115353315143936/index.html]
[www.facebook.com/groups/explore/locations/110970792260960/index.html]
[www.facebook.com/groups/explore/locations/110346955653479/index.html]
[www.facebook.com/groups/explore/locations/111070818917271/index.html]
[www.facebook.com/groups/explore/locations/113317605345751/index.html]
[www.facebook.com/help/247395082112892acb5.html]
[www.facebook.com/help/'https_/static.xx.fbcdn.net/rsrc.php/v3/yC/r/GTEfzovRI9H.png']
[www.facebook.com/help/568137493302217.html]
[www.facebook.com/groups/explore/locations/108659242498155/index.html]
[www.facebook.com/groups/explore/locations/102194039822307/index.html]
[www.facebook.com/groups/explore/locations/106012156106461/index.html]
[www.facebook.com/groups/explore/locations/106504859386230/index.html]
[www.facebook.com/groups/explore/locations/105565836144069/index.html]
[www.facebook.com/images/creative_department/favicon.ico]
[static.xx.fbcdn.net/rsrc.php/v3/y0/l/0,cross/3h-VFWMeu9n1f8e.css]
[www.facebook.com/groups/explore/locations/114952118516947/index.html]
[www.facebook.com/groups/explore/locations/111175118906315/index.html]
[www.facebook.com/login/device-based/regular/login/index7d9d.html]
[www.facebook.com/groups/explore/locations/111777152182368/index.html]
[static.xx.fbcdn.net/rsrc.php/v3/yf/l/0,cross/vm-lyTepAci1f8e.css]
[static.xx.fbcdn.net/rsrc.php/v3/y9/l/0,cross/CmRticSuZXM1f8e.css]
[www.facebook.com/groups/explore/categories/index.html]
[scontent-ccu1-1.xx.fbcdn.net/v/t39.8562-6/183274093_871820706877722_5650958583013284237_n23bc.jpg]
[www.facebook.com/groups/category/vehicles-and-transportation-menlo-park-california/6536163653091248/index.html]
[www.facebook.com/groups/category/music-and-audio-menlo-park-california/6258386930900382/index.html]
[www.facebook.com/groups/category/performing-arts-menlo-park-california/4436180289796675/index.html]
[www.facebook.com/groups/category/tv-and-movies-menlo-park-california/4200774426715520/index.html]
[www.facebook.com/privacy/policy.html]
[www.facebook.com/groups/category/books-and-literature-menlo-park-california/4151600151614995/index.html]
[scontent-ccu1-1.xx.fbcdn.net/v/t39.8562-6/146473554_955491975260922_1844229405368852616_n16ca.jpg]
[scontent-ccu1-1.xx.fbcdn.net/v/t39.8562-6/179373586_299332788318895_3797902772846807034_nb0ed.jpg]
[www.facebook.com/groups/category/games-puzzles-and-play-menlo-park-california/4347231175397397/index.html]
[www.facebook.com/groups/category/fitness-and-workouts-menlo-park-california/4244721945653746/index.html]
[www.facebook.com/groups/category/travel-and-leisure-activities-menlo-park-california/6341930935877363/index.html]
[www.facebook.com/groups/category/holidays-and-celebrations-menlo-park-california/6153964231340439/index.html]
[www.facebook.com/policies_center.html]
[www.facebook.com/policies_center/ta1RJk]
[www.facebook.com/groups/category/home-and-garden-menlo-park-california/4345212572213851/index.html]
[www.facebook.com/policies_center/index.html]
[www.facebook.com/groups/category/science-and-tech-menlo-park-california/4473917102653828/index.html]
[www.facebook.com/groups/category/animals-and-pets-menlo-park-california/6094083073999337/index.html]
[www.facebook.com/groups/category/visual-arts-architecture-and-crafts-menlo-park-california/5014947665185544/index.html]
[www.facebook.com/groups/category/business-finance-and-economics-menlo-park-california/4721912884567554/index.html]
[www.facebook.com/groups/category/food-and-drink-menlo-park-california/6212886728783983/index.html]
[www.facebook.com/groups/category/fashion-and-style-menlo-park-california/6076313979110402/index.html]
[www.facebook.com/help.html]
[www.facebook.com/groups/category/education-and-learning-menlo-park-california/4403586293062067/index.html]
[www.facebook.com/pages/create/index30bf.html]
[static.xx.fbcdn.net/rsrc.php/v3ioRi4/yK/l/en_GB/xwQqZLClmVZMzHLojx0HqapQytZpeU5g1cAGDYMc1Ljw-Cw1HTmzMjN1f8e.js]
[static.xx.fbcdn.net/rsrc.php/v3i6Mu4/yG/l/en_GB/kfQQzyxbDpw_WUTGZZAy8-Is4ghlHv0g6BQ44O5NFpsd_VpbgXKxVfiJ4xeNf-GQV_v2SVk372SQdezwjXnxBak7I8txpUz2hiPenybpnWjgH34bhBHrDxAwOGpssz1as7Hk4c25qNPZE9]
[static.xx.fbcdn.net/rsrc.php/v3/yQ/r/H9vBLN-6Zsk.png]
[www.facebook.com/help/index30c2.html]
[static.xx.fbcdn.net/rsrc.php/v3iE514/yU/l/en_GB/bJI5hMnpRo_CwMS6GRocxrkfQQzyxbDpw_VpbgXKxVfi71l0pZ2V_KQv2SVk372SQd4DKKFph3_gow2ZEcIOPhSwNTRCfPkf2cKXhMnOi8veVfDcngiWsmxwkSChbjW70zTtVMMQ4ce1nW]
[www.facebook.com/help/568137493302217/index.html]
[www.facebook.com/help/index.html]
[static.xx.fbcdn.net/rsrc.php/v3il6m4/yW/l/en_US/_eu7R1bIlz33aAdG7kImehqi4WqKOxcAepXI2P0LUhoX2xdfJ7Uz2XrcAGDYMc1Ljw4A9OyTWROQF1f8e.js]
[www.facebook.com/help/search/index.html]
[www.facebook.com/help/463972400461409/indexaae9.html]
[www.facebook.com/help/1573156092981768/index8f69.html]
[www.facebook.com/help/355489824655936acb5.html]
[www.facebook.com/help/239070709801747/index8f69.html]
[www.facebook.com/help/1090831264320592/index8f69.html]
[www.facebook.com/help/1163341187771886acb5.html]
[www.facebook.com/help/1036755649750898/index8f69.html]
[www.facebook.com/help/109378269482053/index8f69.html]
[www.facebook.com/help/1561485474074139acb5.html]
[www.facebook.com/help/516147308587266/index8f69.html]
[www.facebook.com/help/1075880512458213/index8f69.html]
[www.facebook.com/help/610457675797481/index8f69.html]
[www.facebook.com/help/195227921252400acb5.html]
[www.facebook.com/help/111814505650678acb5.html]
[www.facebook.com/help/1701730696756992/index8f69.html]
[www.facebook.com/privacy/center.html]
[www.facebook.com/help/250563911970368/index8f69.html]
[www.facebook.com/help/463972400461409/index695a.html]
[www.facebook.com/adpreferences/advertisers/index39f1.html]
[www.facebook.com/help/109378269482053/index695a.html]
[www.facebook.com/contacts/removal.html]
[www.facebook.com/help/247395082112892/index6502.html]
[www.facebook.com/help/566994660333381acb5.html]
[www.facebook.com/help/contact/341705720996035]
[www.facebook.com/help/146952742043748/index6502.html]
[www.facebook.com/help/516147308587266/index6502.html]
[www.facebook.com/help/637205020878504.html]
[www.facebook.com/help/contact/612141586937373.html]
[www.facebook.com/help/794535777607370/index6502.html]
[www.facebook.com/help/610457675797481/index6502.html]
[www.facebook.com/rf94d.html]
[www.facebook.com/pages/creation/index.html]
[www.facebook.com/login6d9d.html]
[www.facebook.com/allactivity99e1.html]
[static.xx.fbcdn.net/rsrc.php/v3irPJ4/y5/l/en_GB/bJI5hMnpRo_CwMS6GRocxrkfQQzyxbDpw_VpbgXKxVfi71l0pZ2V_KQv2SVk372SQd4DKKFph3_goVxKgbwD08hLw2ZEcIOPhSwNTRCfPkf2cKXhMnOi8veVfDcngiWsmxwkSChbjW70zT]
[www.facebook.com/ta1RJk.html]
[www.facebook.com/business/index.html]
[www.facebook.com/help/1573156092981768/index8b32.html]
[www.facebook.com/help/1573156092981768/index2456.html]
[www.facebook.com/rc747.html]
[www.facebook.com/help/239070709801747/index2456.html]
[www.facebook.com/help/238318146535333/index2456.html]
[www.facebook.com/u_0_4_+.html]
[www.facebook.com/help/1713241952104830/index2456.html]
[static.xx.fbcdn.net/rsrc.php/v3/yr/r/hzn7ysY5C5b1f8e.js]
[www.facebook.com/business/help/index.html]
[www.facebook.com/help/1629740080681586/index2456.html]
[static.xx.fbcdn.net/rsrc.php/v3/yV/r/8Vx6kcrTFl41f8e.js]
[www.facebook.com/help/282489752085908/index2456.html]
[www.facebook.com/help/637205020878504/index.html]
[static.xx.fbcdn.net/rsrc.php/v3/yn/r/BtFkOuyDBR-1f8e.js]
[www.facebook.com/help/570785306433644/index8f69.html]
[www.facebook.com/help/396528481579093/index8f69.html]
[www.facebook.com/help/1540345696275090/index8f69.html]
[www.facebook.com/help/246750422356731/index8f69.html]
[www.facebook.com/help/336320879782850/index8f69.html]
[static.xx.fbcdn.net/rsrc.php/v3ij9m4/yX/l/en_GB/47RZ9WNwoU11f8e.js]
[www.facebook.com/help/273948399619967/index8f69.html]
[www.facebook.com/help/1041444532591371/index8f69.html]
[static.xx.fbcdn.net/rsrc.php/v3/yL/r/DJIek1tT3RT1f8e.js]
[www.facebook.com/help/1000976436606344/index8f69.html]
[www.facebook.com/help/312959615934334/index8f69.html]
[static.xx.fbcdn.net/rsrc.php/v3/yG/r/lu-TOpSu7h01f8e.js]
[www.facebook.com/help/753701661398957/index8f69.html]
[static.xx.fbcdn.net/rsrc.php/v3/y0/r/Dvdf0WLRkdc1f8e.js]
[www.facebook.com/recover/initiate/index39c3.html]
[www.facebook.com/chrome-extension_/index.html]
[www.facebook.com/^([^_/indexd41d.html]
[www.facebook.com/nw/index.html]
[www.facebook.com/GET.html]
[www.facebook.com/intern/rsrc.html]
[www.facebook.com/intern/rsrc-translations.html]
[www.facebook.com/rsrc.html]
[www.facebook.com/rsrc-translations.html]
[www.facebook.com/ajax/photos/snowlift/init.html]
[www.facebook.com/login/identify/index09c1.html]
[www.facebook.com/r.html]
[static.xx.fbcdn.net/rsrc.php/v3/yT/l/0,cross/IuMo1d07b6K1f8e.css]
[static.xx.fbcdn.net/rsrc.php/v3/yl/l/0,cross/IQzIwkY1kCc1f8e.css]
[static.xx.fbcdn.net/rsrc.php/v3/yo/l/0,cross/f_23yNbZVa01f8e.css]
[static.xx.fbcdn.net/rsrc.php/v3/yK/l/0,cross/kkpRYLuGyII1f8e.css]
[static.xx.fbcdn.net/rsrc.php/v3/yL/l/0,cross/lIzLCRwr_LB1f8e.css]
[static.xx.fbcdn.net/rsrc.php/v3/yE/l/0,cross/oslvhydt1Yy1f8e.css]
[static.xx.fbcdn.net/rsrc.php/v3/y7/l/0,cross/mdcOXVKMpZE1f8e.css]
[www.facebook.com/reg/help/637205020878504.html]
[www.facebook.com/legal/terms/update.html]
[www.facebook.com/privacy/policy/index2fb6.html]
[www.facebook.com/login/index0ad7.html]
[www.facebook.com/reg/u_0_h_v.html]
[www.facebook.com/reg/ta1RJk.html]
[www.facebook.com/login/web/index.html]
[static.xx.fbcdn.net/rsrc.php/v3/yg/l/0,cross/Spa123yy-F21f8e.css]
[www.facebook.com/recover/initiate/index9acb.html]
[www.facebook.com/r6670.html]
[www.facebook.com/login/help/637205020878504.html]
[www.facebook.com/login/ta1RJk.html]
[static.xx.fbcdn.net/rsrc.php/v3/yg/l/0,cross/Wr26M3Z0DGx1f8e.css]
[www.facebook.com/sideload/lite/download/index917e.html]
[www.facebook.com/sideload/lite/googleplay/index.html]
[www.facebook.com/lite/help/637205020878504.html]
[www.facebook.com/lite/ta1RJk.html]
[static.xx.fbcdn.net/rsrc.php/v3/yy/l/0,cross/80CphXTH9VOXNRtGcNbm6t1f8e.css]
[static.xx.fbcdn.net/rsrc.php/v3/yu/r/kK85HTJSvnv1f8e.js]
[static.xx.fbcdn.net/rsrc.php/v3iyx64/yA/l/en_GB/bJI5hMnpRo_CwMS6GRocxr_WUTGZZAy8-v2SVk372SQdENZpdW0JbdZ-A9__BdJwnlyZ5uXY1F4A2zkEgJlCQy3AOFK4o5886e8mTjCKYWb0HFLeD1yGR54aN9dlqr_aOzUAaW8OFETbWx]
[www.facebook.com/help/1071984682876123/index8f69.html]
[www.facebook.com/help/862926927385914/index8f69.html]
[static.xx.fbcdn.net/rsrc.php/v3iLi34/yv/l/en_GB/sIdM7N72J4P1f8e.js]
[static.xx.fbcdn.net/rsrc.php/v3i-ty4/y8/l/en_GB/rveNtvzbRlK1f8e.js]
[static.xx.fbcdn.net/rsrc.php/v3/yu/r/xwQqZLClmVZ1f8e.js]
[static.xx.fbcdn.net/rsrc.php/v3iHwg4/yu/l/en_GB/_VpbgXKxVfi1f8e.js]
[static.xx.fbcdn.net/rsrc.php/v3iO5K4/y7/l/en_GB/atU0d6VMk3C1f8e.js]
[static.xx.fbcdn.net/rsrc.php/v3iFd24/y3/l/en_GB/4DKKFph3_go1f8e.js]
[static.xx.fbcdn.net/rsrc.php/v3i0Wo4/y8/l/en_GB/DcngiWsmxwk1f8e.js]
[www.facebook.com/watch/theaustralian.com.html]
[www.facebook.com/help/1069521513115444/index8f69.html]
[www.facebook.com/watch/news.com.au/index.html]
[static.xx.fbcdn.net/rsrc.php/v3iAIg4/yK/l/en_GB/hsjw6b6YBRIDFLGAMqL7W9V7PH3yJnk71nyeGHBq5q3Ux31pHmoIfkiqv7nGgyuXwxay-1EFuME6ZsxUhaipgkmQuXjfISP0OJwdq5RzDwvQZHXTD0CxHMl7mV3h0jCjZRI46dJrxo3ijf]
[static.xx.fbcdn.net/rsrc.php/v3iPKp4/yn/l/en_GB/xa9tAZBz-CR1f8e.js]
[static.xx.fbcdn.net/rsrc.php/v3iBMg4/ya/l/en_GB/ezwjXnxBak71f8e.js]
[static.xx.fbcdn.net/rsrc.php/v3ifVm4/ya/l/en_GB/bJI5hMnpRo_CwMS6GRocxrkfQQzyxbDpw_VpbgXKxVfiv2SVk372SQdENZpdW0JbdZ4DKKFph3_go9QT6IymgrjkV7PH3yJnk71HTetGPvBrvzVgVQtmqUUj5DcngiWsmxwkpXI2P0LUho]
[static.xx.fbcdn.net/rsrc.php/v3idBq4/ys/l/en_GB/yZ5uXY1F4A21f8e.js]
[static.xx.fbcdn.net/rsrc.php/v3iZHh4/yd/l/en_GB/tJ21oxKCTxy1f8e.js]
[www.facebook.com/places/theaustralian.com.html]
[www.facebook.com/places/news.com.html]
[www.facebook.com/places/kollosche.com.html]
[www.facebook.com/places/awstrack.html]
[static.xx.fbcdn.net/rsrc.php/v3/yo/l/0,cross/_Bs5W282Jud1f8e.css]
[static.xx.fbcdn.net/rsrc.php/v3/yW/l/0,cross/EcNAT6urSZV1f8e.css]
[static.xx.fbcdn.net/rsrc.php/v3/yf/l/0,cross/iD2eBkSTv5E1f8e.css]
[static.xx.fbcdn.net/rsrc.php/v3/yI/l/0,cross/S5SC31pHJ7z1f8e.css]
[static.xx.fbcdn.net/rsrc.php/v3/yw/l/0,cross/2Xaz5udavl01f8e.css]
[static.xx.fbcdn.net/rsrc.php/v3/yg/l/0,cross/hIOXhE0g8Kd1f8e.css]
[static.xx.fbcdn.net/rsrc.php/v3/yF/l/0,cross/5cT2UuDwjTV1f8e.css]
[static.xx.fbcdn.net/rsrc.php/v3/yS/l/0,cross/AWTK92zneul1f8e.css]
[www.facebook.com/login/identify/index6160.html]
[www.facebook.com/r6750.html]
[www.facebook.com/help/index01dc.html]
[www.facebook.com/games/help/637205020878504.html]
[www.facebook.com/games/theaustralian.com.html]
[www.facebook.com/games/news.com.html]
[www.facebook.com/games/kollosche.com.html]
[www.facebook.com/games/awstrack.html]
[www.facebook.com/games/ta1RJk.html]
[www.facebook.com/login/index4b58.html]
[static.xx.fbcdn.net/rsrc.php/v3/yL/l/0,cross/Xd9RspFykAn1f8e.css]
[static.xx.fbcdn.net/rsrc.php/v3/yK/l/0,cross/WTn1rcBjQU11f8e.css]
[static.xx.fbcdn.net/rsrc.php/v3/yZ/l/0,cross/aOikaU2AaxC1f8e.css]
[static.xx.fbcdn.net/rsrc.php/v3/y8/l/0,cross/XGgr0VMXG_x1f8e.css]
[static.xx.fbcdn.net/rsrc.php/v3/yy/l/0,cross/2prrQJZyen41f8e.css]
[static.xx.fbcdn.net/rsrc.php/v3/yC/l/0,cross/QBJvKyN68MP1f8e.css]
[static.xx.fbcdn.net/rsrc.php/v3/ye/l/0,cross/xPAK3Takc0x1f8e.css]
[www.facebook.com/fundraisers/about/index.html]
[www.facebook.com/fundraisers/explore/index.html]
[www.facebook.com/login/index9efc.html]
[www.facebook.com/fundraisers/explore/animals/index4cfa.html]
[www.facebook.com/fundraisers/explore/arts-and-culture/index4cfa.html]
[www.facebook.com/fundraisers/explore/business/index4cfa.html]
[www.facebook.com/fundraisers/explore/community-and-social-action/index4cfa.html]
[www.facebook.com/fundraisers/explore/crisis-relief/index4cfa.html]
[www.facebook.com/fundraisers/explore/education/index4cfa.html]
[www.facebook.com/fundraisers/explore/environment/index4cfa.html]
[www.facebook.com/fundraisers/explore/faith/index4cfa.html]
[www.facebook.com/fundraisers/explore/funeral-and-loss/index4cfa.html]
[www.facebook.com/fundraisers/explore/health-and-medical/index4cfa.html]
[www.facebook.com/fundraisers/explore/international/index4cfa.html]
[www.facebook.com/fundraisers/explore/personal-emergency/index4cfa.html]
[www.facebook.com/fundraisers/explore/sports/index4cfa.html]
[www.facebook.com/donate/244277014479138/index55c2.html]
[www.facebook.com/donate/508224077682879/index55c2.html]
[www.facebook.com/shannon.w.html]
[www.facebook.com/donate/1179673672591248/index55c2.html]
[www.facebook.com/LLSusa/index.html]
